###############################################################################
#
# IAR ELF Linker V2.20.1.176 for STM8                     20/Aug/2018  21:58:13
# Copyright 2010-2015 IAR Systems AB.
#
#    Output file  =  
#        C:\Users\asus\Documents\Fucking
#        Projects\STM8\STM8-SO8-DISCO\STM8S001_pisca_led_timer\EWSTM8\Debug\Exe\STM8S001_pisca_led_timer.out
#    Map file     =  
#        C:\Users\asus\Documents\Fucking
#        Projects\STM8\STM8-SO8-DISCO\STM8S001_pisca_led_timer\EWSTM8\Debug\List\STM8S001_pisca_led_timer.map
#    Command line =  
#        "C:\Users\asus\Documents\Fucking
#        Projects\STM8\STM8-SO8-DISCO\STM8S001_pisca_led_timer\EWSTM8\Debug\Obj\main.o"
#        "C:\Users\asus\Documents\Fucking
#        Projects\STM8\STM8-SO8-DISCO\STM8S001_pisca_led_timer\EWSTM8\Debug\Obj\stm8s_clk.o"
#        "C:\Users\asus\Documents\Fucking
#        Projects\STM8\STM8-SO8-DISCO\STM8S001_pisca_led_timer\EWSTM8\Debug\Obj\stm8s_exti.o"
#        "C:\Users\asus\Documents\Fucking
#        Projects\STM8\STM8-SO8-DISCO\STM8S001_pisca_led_timer\EWSTM8\Debug\Obj\stm8s_gpio.o"
#        "C:\Users\asus\Documents\Fucking
#        Projects\STM8\STM8-SO8-DISCO\STM8S001_pisca_led_timer\EWSTM8\Debug\Obj\stm8s_it.o"
#        "C:\Users\asus\Documents\Fucking
#        Projects\STM8\STM8-SO8-DISCO\STM8S001_pisca_led_timer\EWSTM8\Debug\Obj\stm8s_tim1.o"
#        --redirect _Printf=_PrintfFullNoMb --redirect _Scanf=_ScanfFullNoMb -o
#        "C:\Users\asus\Documents\Fucking
#        Projects\STM8\STM8-SO8-DISCO\STM8S001_pisca_led_timer\EWSTM8\Debug\Exe\STM8S001_pisca_led_timer.out"
#        --map "C:\Users\asus\Documents\Fucking
#        Projects\STM8\STM8-SO8-DISCO\STM8S001_pisca_led_timer\EWSTM8\Debug\List\STM8S001_pisca_led_timer.map"
#        --config "C:\Program Files (x86)\IAR Systems\Embedded Workbench
#        7.3\stm8\config\lnkstm8s003f3.icf" --config_def _CSTACK_SIZE=0x100
#        --config_def _HEAP_SIZE=0x100 --entry __iar_program_start --debug_lib
#
###############################################################################

*******************************************************************************
*** RUNTIME MODEL ATTRIBUTES
***

__SystemLibrary            = DLib
__code_model               = small
__core                     = stm8
__data_model               = medium
__dlib_file_descriptor     = 0
__dlib_full_locale_support = 0
__rt_version               = 4


*******************************************************************************
*** PLACEMENT SUMMARY
***

"A1":  place at start of [0x000000-0x0000ff] { rw section .vregs };
"A2":  place at end of [0x000000-0x0003ff] { block CSTACK };
"P2":  place in [from 0x000000 to 0x0003ff] {
          block HEAP, rw section __DLIB_PERTHREAD, rw section .far.bss,
          rw section .far.data, rw section .far.noinit,
          rw section .far_func.textrw, rw section .huge.bss,
          rw section .huge.data, rw section .huge.noinit,
          rw section .huge_func.textrw, rw section .iar.dynexit,
          rw section .near.bss, rw section .near.data, rw section .near.noinit,
          rw section .near_func.textrw };
"A3":  place at start of [0x008000-0x009fff] { block INTVEC };
"P3":  place in [from 0x008000 to 0x009fff] {
          ro section __DLIB_PERTHREAD_init, ro section .far.data_init,
          ro section .far_func.textrw_init, ro section .huge.data_init,
          ro section .huge_func.textrw_init, ro section .iar.init_table,
          ro section .init_array, ro section .near.data_init,
          ro section .near.rodata, ro section .near_func.text,
          ro section .near_func.textrw_init, ro section .tiny.data_init,
          ro section .tiny.rodata_init };

  Section          Kind      Address   Size  Object
  -------          ----      -------   ----  ------
"A1":                                   0xc
  .vregs           uninit   0x000000    0xc  vregs.o [4]
                          - 0x00000c    0xc

"P2":                                   0x3
  .near.bss        zero     0x00000c    0x2  main.o [1]
  .near.bss        zero     0x00000e    0x1  main.o [1]
                          - 0x00000f    0x3

"A2":                                 0x100
  CSTACK                    0x000300  0x100  <Block>
    CSTACK         uninit   0x000300  0x100  <Block tail>
                          - 0x000400  0x100

"A3":                                  0x80
  INTVEC                    0x008000   0x80  <Block>
    .intvec        const    0x008000   0x80  interrupt.o [4]
                          - 0x008080   0x80

"P3":                                 0x353
  .near_func.text  ro code  0x008080   0xbe  main.o [1]
  .near_func.text  ro code  0x00813e   0x66  stm8s_gpio.o [1]
  .near_func.text  ro code  0x0081a4   0x5d  vreg_util.o [4]
  .near_func.text  ro code  0x008201   0x4a  stm8s_exti.o [1]
  .near_func.text  ro code  0x00824b   0x24  main.o [1]
  .iar.init_table  const    0x00826f    0x8  - Linker created -
  .near_func.text  ro code  0x008277   0x1f  stm8s_it.o [1]
  .near_func.text  ro code  0x008296   0x1f  stm8s_tim1.o [1]
  .near_func.text  ro code  0x0082b5   0x1e  init_small.o [4]
  .near_func.text  ro code  0x0082d3   0x17  init.o [4]
  .near_func.text  ro code  0x0082ea   0x16  stm8s_it.o [1]
  .near_func.text  ro code  0x008300   0x14  __dbg_xxexit.o [3]
  .near_func.text  ro code  0x008314   0x13  cstartup.o [4]
  .near_func.text  ro code  0x008327   0x11  stm8s_tim1.o [1]
  .near_func.text  ro code  0x008338    0xd  main.o [1]
  .near_func.text  ro code  0x008345    0xd  main.o [1]
  .near_func.text  ro code  0x008352    0xd  stm8s_tim1.o [1]
  .near_func.text  ro code  0x00835f    0xd  stm8s_tim1.o [1]
  .near_func.text  ro code  0x00836c    0xc  stm8s_clk.o [1]
  .near_func.text  ro code  0x008378    0xb  stm8s_clk.o [1]
  .near_func.text  ro code  0x008383    0x9  stm8s_exti.o [1]
  .near_func.text  ro code  0x00838c    0x9  stm8s_gpio.o [1]
  .near_func.text  ro code  0x008395    0x9  stm8s_tim1.o [1]
  .near_func.text  ro code  0x00839e    0x7  stm8s_gpio.o [1]
  .near_func.text  ro code  0x0083a5    0x6  char.o [4]
  .near_func.text  ro code  0x0083ab    0x5  cexit.o [4]
  .near_func.text  ro code  0x0083b0    0x4  stm8s_gpio.o [1]
  .near_func.text  ro code  0x0083b4    0x3  interrupt.o [4]
  .near_func.text  ro code  0x0083b7    0x3  low_level_init.o [4]
  .near_func.text  ro code  0x0083ba    0x3  exit.o [4]
  .near_func.text  ro code  0x0083bd    0x3  unhandled_exception.o [4]
  .near_func.text  ro code  0x0083c0    0x1  stm8s_it.o [1]
  .near_func.text  ro code  0x0083c1    0x1  stm8s_it.o [1]
  .near_func.text  ro code  0x0083c2    0x1  stm8s_it.o [1]
  .near_func.text  ro code  0x0083c3    0x1  stm8s_it.o [1]
  .near_func.text  ro code  0x0083c4    0x1  stm8s_it.o [1]
  .near_func.text  ro code  0x0083c5    0x1  stm8s_it.o [1]
  .near_func.text  ro code  0x0083c6    0x1  stm8s_it.o [1]
  .near_func.text  ro code  0x0083c7    0x1  stm8s_it.o [1]
  .near_func.text  ro code  0x0083c8    0x1  stm8s_it.o [1]
  .near_func.text  ro code  0x0083c9    0x1  stm8s_it.o [1]
  .near_func.text  ro code  0x0083ca    0x1  stm8s_it.o [1]
  .near_func.text  ro code  0x0083cb    0x1  stm8s_it.o [1]
  .near_func.text  ro code  0x0083cc    0x1  stm8s_it.o [1]
  .near_func.text  ro code  0x0083cd    0x1  stm8s_it.o [1]
  .near_func.text  ro code  0x0083ce    0x1  stm8s_it.o [1]
  .near_func.text  ro code  0x0083cf    0x1  stm8s_it.o [1]
  .near_func.text  ro code  0x0083d0    0x1  stm8s_it.o [1]
  .near_func.text  ro code  0x0083d1    0x1  stm8s_it.o [1]
  .near_func.text  ro code  0x0083d2    0x1  __dbg_break.o [3]
                          - 0x0083d3  0x353


*******************************************************************************
*** INIT TABLE
***

          Address   Size
          -------   ----
Zero (__iar_zero_init2)
    1 destination range, total size 0x3:
          0x00000c   0x3



*******************************************************************************
*** MODULE SUMMARY
***

    Module                 ro code  ro data  rw data
    ------                 -------  -------  -------
C:\Users\asus\Documents\Fucking Projects\STM8\STM8-SO8-DISCO\STM8S001_pisca_led_timer\EWSTM8\Debug\Obj: [1]
    main.o                     252                 3
    stm8s_clk.o                 23
    stm8s_exti.o                83
    stm8s_gpio.o               122
    stm8s_it.o                  71
    stm8s_tim1.o                83
    ------------------------------------------------
    Total:                     634                 3

command line: [2]
    ------------------------------------------------
    Total:

dbgstm8smd.a: [3]
    __dbg_break.o                1
    __dbg_xxexit.o              20
    ------------------------------------------------
    Total:                      21

dlstm8smn.a: [4]
    cexit.o                      5
    char.o                       6
    cstartup.o                  19
    exit.o                       3
    init.o                      23
    init_small.o                30
    interrupt.o                  3      128
    low_level_init.o             3
    unhandled_exception.o        3
    vreg_util.o                 93
    vregs.o                                       12
    ------------------------------------------------
    Total:                     188      128       12

    Linker created                        8      256
----------------------------------------------------
    Grand Total:               843      136      271


*******************************************************************************
*** ENTRY LIST
***

Entry                    Address  Size  Type      Object
-----                    -------  ----  ----      ------
.iar.init_table$$Base   0x00826f         --   Gb  - Linker created -
.iar.init_table$$Limit  0x008277         --   Gb  - Linker created -
?b0                     0x000000        Data  Gb  vregs.o [4]
?b1                     0x000001        Data  Gb  vregs.o [4]
?b10                    0x00000a        Data  Gb  vregs.o [4]
?b11                    0x00000b        Data  Gb  vregs.o [4]
?b2                     0x000002        Data  Gb  vregs.o [4]
?b3                     0x000003        Data  Gb  vregs.o [4]
?b4                     0x000004        Data  Gb  vregs.o [4]
?b5                     0x000005        Data  Gb  vregs.o [4]
?b6                     0x000006        Data  Gb  vregs.o [4]
?b7                     0x000007        Data  Gb  vregs.o [4]
?b8                     0x000008        Data  Gb  vregs.o [4]
?b9                     0x000009        Data  Gb  vregs.o [4]
?e0                     0x000001        Data  Gb  vregs.o [4]
?e1                     0x000005        Data  Gb  vregs.o [4]
?e2                     0x000009        Data  Gb  vregs.o [4]
?l0                     0x000000        Data  Gb  vregs.o [4]
?l1                     0x000004        Data  Gb  vregs.o [4]
?l2                     0x000008        Data  Gb  vregs.o [4]
?pop_l0                 0x0081e3        Code  Gb  vreg_util.o [4]
?pop_l1                 0x0081ee        Code  Gb  vreg_util.o [4]
?push_l0                0x0081bc        Code  Gb  vreg_util.o [4]
?push_l1                0x0081c1        Code  Gb  vreg_util.o [4]
?push_w4                0x0081a4        Code  Gb  vreg_util.o [4]
?sll8_a_a_5             0x0083a6        Code  Gb  char.o [4]
?sll8_a_a_6             0x0083a5        Code  Gb  char.o [4]
?w0                     0x000000        Data  Gb  vregs.o [4]
?w1                     0x000002        Data  Gb  vregs.o [4]
?w2                     0x000004        Data  Gb  vregs.o [4]
?w3                     0x000006        Data  Gb  vregs.o [4]
?w4                     0x000008        Data  Gb  vregs.o [4]
?w5                     0x00000a        Data  Gb  vregs.o [4]
ADC1_IRQHandler         0x0083cf   0x1  Code  Gb  stm8s_it.o [1]
AWU_IRQHandler          0x0083c2   0x1  Code  Gb  stm8s_it.o [1]
CLK_HSIPrescalerConfig  0x00836c   0xc  Code  Gb  stm8s_clk.o [1]
CLK_IRQHandler          0x0083c3   0x1  Code  Gb  stm8s_it.o [1]
CSTACK$$Base            0x000300         --   Gb  - Linker created -
CSTACK$$Limit           0x000400         --   Gb  - Linker created -
EEPROM_EEC_IRQHandler   0x0083d1   0x1  Code  Gb  stm8s_it.o [1]
EXTI_PORTA_IRQHandler   0x0083c4   0x1  Code  Gb  stm8s_it.o [1]
EXTI_PORTB_IRQHandler   0x0083c5   0x1  Code  Gb  stm8s_it.o [1]
EXTI_PORTC_IRQHandler   0x0082ea  0x16  Code  Gb  stm8s_it.o [1]
EXTI_PORTD_IRQHandler   0x0083c6   0x1  Code  Gb  stm8s_it.o [1]
EXTI_PORTE_IRQHandler   0x0083c7   0x1  Code  Gb  stm8s_it.o [1]
EXTI_SetExtIntSensitivity
                        0x008201  0x4a  Code  Gb  stm8s_exti.o [1]
GPIO_Init               0x00813e  0x66  Code  Gb  stm8s_gpio.o [1]
GPIO_WriteHigh          0x00839e   0x7  Code  Gb  stm8s_gpio.o [1]
GPIO_WriteLow           0x0083b0   0x4  Code  Gb  stm8s_gpio.o [1]
I2C_IRQHandler          0x0083ce   0x1  Code  Gb  stm8s_it.o [1]
INTVEC$$Base            0x008000         --   Gb  - Linker created -
INTVEC$$Limit           0x008080         --   Gb  - Linker created -
Region$$Table$$Base     0x00826f         --   Gb  - Linker created -
Region$$Table$$Limit    0x008277         --   Gb  - Linker created -
SPI_IRQHandler          0x0083c8   0x1  Code  Gb  stm8s_it.o [1]
TIM1_CAP_COM_IRQHandler
                        0x0083c9   0x1  Code  Gb  stm8s_it.o [1]
TIM1_ClearFlag          0x00835f   0xd  Code  Gb  stm8s_tim1.o [1]
TIM1_Cmd                0x008352   0xd  Code  Gb  stm8s_tim1.o [1]
TIM1_Config             0x00824b  0x24  Code  Lc  main.o [1]
TIM1_ITConfig           0x008327  0x11  Code  Gb  stm8s_tim1.o [1]
TIM1_TimeBaseInit       0x008296  0x1f  Code  Gb  stm8s_tim1.o [1]
TIM1_UPD_OVF_TRG_BRK_IRQHandler
                        0x008277  0x1f  Code  Gb  stm8s_it.o [1]
TIM2_CAP_COM_IRQHandler
                        0x0083cb   0x1  Code  Gb  stm8s_it.o [1]
TIM2_UPD_OVF_BRK_IRQHandler
                        0x0083ca   0x1  Code  Gb  stm8s_it.o [1]
TIM4_UPD_OVF_IRQHandler
                        0x0083d0   0x1  Code  Gb  stm8s_it.o [1]
TLI_IRQHandler          0x0083c1   0x1  Code  Gb  stm8s_it.o [1]
TRAP_IRQHandler         0x0083c0   0x1  Code  Gb  stm8s_it.o [1]
UART1_RX_IRQHandler     0x0083cd   0x1  Code  Gb  stm8s_it.o [1]
UART1_TX_IRQHandler     0x0083cc   0x1  Code  Gb  stm8s_it.o [1]
__DebugBreak            0x0083d2   0x1  Code  Gb  __dbg_break.o [3]
__exit                  0x008300  0x14  Code  Gb  __dbg_xxexit.o [3]
__iar_data_init2        0x0082d3  0x17  Code  Gb  init.o [4]
__iar_program_start     0x008314        Code  Gb  cstartup.o [4]
__iar_unhandled_exception
                        0x0083bd        Code  Gb  unhandled_exception.o [4]
__iar_zero_init2        0x0082b5        Code  Gb  init_small.o [4]
__intvec                0x008000        Data  Gb  interrupt.o [4]
__low_level_init        0x0083b7   0x3  Code  Gb  low_level_init.o [4]
_exit                   0x0083ab        Code  Gb  cexit.o [4]
_interrupt_1            0x0083c0        Code  Gb  stm8s_it.o [1]
_interrupt_12           0x0083c8        Code  Gb  stm8s_it.o [1]
_interrupt_13           0x008277        Code  Gb  stm8s_it.o [1]
_interrupt_14           0x0083c9        Code  Gb  stm8s_it.o [1]
_interrupt_15           0x0083ca        Code  Gb  stm8s_it.o [1]
_interrupt_16           0x0083cb        Code  Gb  stm8s_it.o [1]
_interrupt_19           0x0083cc        Code  Gb  stm8s_it.o [1]
_interrupt_2            0x0083c1        Code  Gb  stm8s_it.o [1]
_interrupt_20           0x0083cd        Code  Gb  stm8s_it.o [1]
_interrupt_21           0x0083ce        Code  Gb  stm8s_it.o [1]
_interrupt_24           0x0083cf        Code  Gb  stm8s_it.o [1]
_interrupt_25           0x0083d0        Code  Gb  stm8s_it.o [1]
_interrupt_26           0x0083d1        Code  Gb  stm8s_it.o [1]
_interrupt_3            0x0083c2        Code  Gb  stm8s_it.o [1]
_interrupt_4            0x0083c3        Code  Gb  stm8s_it.o [1]
_interrupt_5            0x0083c4        Code  Gb  stm8s_it.o [1]
_interrupt_6            0x0083c5        Code  Gb  stm8s_it.o [1]
_interrupt_7            0x0082ea        Code  Gb  stm8s_it.o [1]
_interrupt_8            0x0083c6        Code  Gb  stm8s_it.o [1]
_interrupt_9            0x0083c7        Code  Gb  stm8s_it.o [1]
exit                    0x0083ba   0x3  Code  Gb  exit.o [4]
main                    0x008080  0xbe  Code  Gb  main.o [1]
u16_cnt_ms              0x00000c   0x2  Data  Gb  main.o [1]
u8_UserSW               0x00000e   0x1  Data  Gb  main.o [1]


[1] = C:\Users\asus\Documents\Fucking Projects\STM8\STM8-SO8-DISCO\STM8S001_pisca_led_timer\EWSTM8\Debug\Obj
[2] = command line
[3] = dbgstm8smd.a
[4] = dlstm8smn.a

  843 bytes of readonly  code memory
  136 bytes of readonly  data memory
  271 bytes of readwrite data memory

Errors: none
Warnings: none
