###############################################################################
#
# IAR ELF Linker V2.20.1.176 for STM8                     20/Aug/2018  23:35:37
# Copyright 2010-2015 IAR Systems AB.
#
#    Output file  =  
#        C:\Users\asus\Documents\Fucking
#        Projects\STM8\STM8-SO8-DISCO\STM8L001_pisca_led_timer\EWSTM8\Debug\Exe\STM8L001_pisca_led_timer.out
#    Map file     =  
#        C:\Users\asus\Documents\Fucking
#        Projects\STM8\STM8-SO8-DISCO\STM8L001_pisca_led_timer\EWSTM8\Debug\List\STM8L001_pisca_led_timer.map
#    Command line =  
#        "C:\Users\asus\Documents\Fucking
#        Projects\STM8\STM8-SO8-DISCO\STM8L001_pisca_led_timer\EWSTM8\Debug\Obj\main.o"
#        "C:\Users\asus\Documents\Fucking
#        Projects\STM8\STM8-SO8-DISCO\STM8L001_pisca_led_timer\EWSTM8\Debug\Obj\stm8l15x_clk.o"
#        "C:\Users\asus\Documents\Fucking
#        Projects\STM8\STM8-SO8-DISCO\STM8L001_pisca_led_timer\EWSTM8\Debug\Obj\stm8l15x_exti.o"
#        "C:\Users\asus\Documents\Fucking
#        Projects\STM8\STM8-SO8-DISCO\STM8L001_pisca_led_timer\EWSTM8\Debug\Obj\stm8l15x_gpio.o"
#        "C:\Users\asus\Documents\Fucking
#        Projects\STM8\STM8-SO8-DISCO\STM8L001_pisca_led_timer\EWSTM8\Debug\Obj\stm8l15x_it.o"
#        "C:\Users\asus\Documents\Fucking
#        Projects\STM8\STM8-SO8-DISCO\STM8L001_pisca_led_timer\EWSTM8\Debug\Obj\stm8l15x_tim2.o"
#        --redirect _Printf=_PrintfFullNoMb --redirect _Scanf=_ScanfFullNoMb -o
#        "C:\Users\asus\Documents\Fucking
#        Projects\STM8\STM8-SO8-DISCO\STM8L001_pisca_led_timer\EWSTM8\Debug\Exe\STM8L001_pisca_led_timer.out"
#        --map "C:\Users\asus\Documents\Fucking
#        Projects\STM8\STM8-SO8-DISCO\STM8L001_pisca_led_timer\EWSTM8\Debug\List\STM8L001_pisca_led_timer.map"
#        --config "C:\Program Files (x86)\IAR Systems\Embedded Workbench
#        7.3\stm8\config\lnkstm8l101f3.icf" --config_def _CSTACK_SIZE=0x100
#        --config_def _HEAP_SIZE=0x100 --entry __iar_program_start --debug_lib
#
###############################################################################

*******************************************************************************
*** RUNTIME MODEL ATTRIBUTES
***

__SystemLibrary            = DLib
__code_model               = small
__core                     = stm8
__data_model               = medium
__dlib_file_descriptor     = 0
__dlib_full_locale_support = 0
__rt_version               = 4


*******************************************************************************
*** PLACEMENT SUMMARY
***

"A1":  place at start of [0x000000-0x0000ff] { rw section .vregs };
"A2":  place at end of [0x000000-0x0005ff] { block CSTACK };
"P2":  place in [from 0x000000 to 0x0005ff] {
          block HEAP, rw section __DLIB_PERTHREAD, rw section .far.bss,
          rw section .far.data, rw section .far.noinit,
          rw section .far_func.textrw, rw section .huge.bss,
          rw section .huge.data, rw section .huge.noinit,
          rw section .huge_func.textrw, rw section .iar.dynexit,
          rw section .near.bss, rw section .near.data, rw section .near.noinit,
          rw section .near_func.textrw };
"A3":  place at start of [0x008000-0x009fff] { block INTVEC };
"P3":  place in [from 0x008000 to 0x009fff] {
          ro section __DLIB_PERTHREAD_init, ro section .far.data_init,
          ro section .far_func.textrw_init, ro section .huge.data_init,
          ro section .huge_func.textrw_init, ro section .iar.init_table,
          ro section .init_array, ro section .near.data_init,
          ro section .near.rodata, ro section .near_func.text,
          ro section .near_func.textrw_init, ro section .tiny.data_init,
          ro section .tiny.rodata_init };

  Section          Kind      Address   Size  Object
  -------          ----      -------   ----  ------
"A1":                                   0xc
  .vregs           uninit   0x000000    0xc  vregs.o [4]
                          - 0x00000c    0xc

"P2":                                   0x3
  .near.bss        zero     0x00000c    0x2  main.o [1]
  .near.bss        zero     0x00000e    0x1  main.o [1]
                          - 0x00000f    0x3

"A2":                                 0x100
  CSTACK                    0x000500  0x100  <Block>
    CSTACK         uninit   0x000500  0x100  <Block tail>
                          - 0x000600  0x100

"A3":                                  0x80
  INTVEC                    0x008000   0x80  <Block>
    .intvec        const    0x008000   0x80  interrupt.o [4]
                          - 0x008080   0x80

"P3":                                 0x516
  .near_func.text  ro code  0x008080  0x11f  stm8l15x_exti.o [1]
  .near_func.text  ro code  0x00819f   0xd8  main.o [1]
  .near_func.text  ro code  0x008277   0xaf  stm8l15x_gpio.o [1]
  .near_func.text  ro code  0x008326   0x8e  stm8l15x_clk.o [1]
  .near_func.text  ro code  0x0083b4   0x70  vreg_util.o [4]
  .near_func.text  ro code  0x008424   0x27  main.o [1]
  .near_func.text  ro code  0x00844b   0x24  stm8l15x_tim2.o [1]
  .iar.init_table  const    0x00846f    0x8  - Linker created -
  .near_func.text  ro code  0x008477   0x1f  stm8l15x_it.o [1]
  .near_func.text  ro code  0x008496   0x1e  init_small.o [4]
  .near_func.text  ro code  0x0084b4   0x1a  stm8l15x_tim2.o [1]
  .near_func.text  ro code  0x0084ce   0x17  stm8l15x_it.o [1]
  .near_func.text  ro code  0x0084e5   0x17  init.o [4]
  .near_func.text  ro code  0x0084fc   0x14  __dbg_xxexit.o [3]
  .near_func.text  ro code  0x008510   0x13  cstartup.o [4]
  .near_func.text  ro code  0x008523   0x12  stm8l15x_gpio.o [1]
  .near_func.text  ro code  0x008535    0xe  main.o [1]
  .near_func.text  ro code  0x008543    0xe  stm8l15x_tim2.o [1]
  .near_func.text  ro code  0x008551    0xb  stm8l15x_tim2.o [1]
  .near_func.text  ro code  0x00855c    0x8  short.o [4]
  .near_func.text  ro code  0x008564    0x5  cexit.o [4]
  .near_func.text  ro code  0x008569    0x4  stm8l15x_clk.o [1]
  .near_func.text  ro code  0x00856d    0x3  interrupt.o [4]
  .near_func.text  ro code  0x008570    0x3  low_level_init.o [4]
  .near_func.text  ro code  0x008573    0x3  exit.o [4]
  .near_func.text  ro code  0x008576    0x3  unhandled_exception.o [4]
  .near_func.text  ro code  0x008579    0x1  stm8l15x_it.o [1]
  .near_func.text  ro code  0x00857a    0x1  stm8l15x_it.o [1]
  .near_func.text  ro code  0x00857b    0x1  stm8l15x_it.o [1]
  .near_func.text  ro code  0x00857c    0x1  stm8l15x_it.o [1]
  .near_func.text  ro code  0x00857d    0x1  stm8l15x_it.o [1]
  .near_func.text  ro code  0x00857e    0x1  stm8l15x_it.o [1]
  .near_func.text  ro code  0x00857f    0x1  stm8l15x_it.o [1]
  .near_func.text  ro code  0x008580    0x1  stm8l15x_it.o [1]
  .near_func.text  ro code  0x008581    0x1  stm8l15x_it.o [1]
  .near_func.text  ro code  0x008582    0x1  stm8l15x_it.o [1]
  .near_func.text  ro code  0x008583    0x1  stm8l15x_it.o [1]
  .near_func.text  ro code  0x008584    0x1  stm8l15x_it.o [1]
  .near_func.text  ro code  0x008585    0x1  stm8l15x_it.o [1]
  .near_func.text  ro code  0x008586    0x1  stm8l15x_it.o [1]
  .near_func.text  ro code  0x008587    0x1  stm8l15x_it.o [1]
  .near_func.text  ro code  0x008588    0x1  stm8l15x_it.o [1]
  .near_func.text  ro code  0x008589    0x1  stm8l15x_it.o [1]
  .near_func.text  ro code  0x00858a    0x1  stm8l15x_it.o [1]
  .near_func.text  ro code  0x00858b    0x1  stm8l15x_it.o [1]
  .near_func.text  ro code  0x00858c    0x1  stm8l15x_it.o [1]
  .near_func.text  ro code  0x00858d    0x1  stm8l15x_it.o [1]
  .near_func.text  ro code  0x00858e    0x1  stm8l15x_it.o [1]
  .near_func.text  ro code  0x00858f    0x1  stm8l15x_it.o [1]
  .near_func.text  ro code  0x008590    0x1  stm8l15x_it.o [1]
  .near_func.text  ro code  0x008591    0x1  stm8l15x_it.o [1]
  .near_func.text  ro code  0x008592    0x1  stm8l15x_it.o [1]
  .near_func.text  ro code  0x008593    0x1  stm8l15x_it.o [1]
  .near_func.text  ro code  0x008594    0x1  stm8l15x_it.o [1]
  .near_func.text  ro code  0x008595    0x1  __dbg_break.o [3]
                          - 0x008596  0x516


*******************************************************************************
*** INIT TABLE
***

          Address   Size
          -------   ----
Zero (__iar_zero_init2)
    1 destination range, total size 0x3:
          0x00000c   0x3



*******************************************************************************
*** MODULE SUMMARY
***

    Module                 ro code  ro data  rw data
    ------                 -------  -------  -------
C:\Users\asus\Documents\Fucking Projects\STM8\STM8-SO8-DISCO\STM8L001_pisca_led_timer\EWSTM8\Debug\Obj: [1]
    main.o                     269                 3
    stm8l15x_clk.o             146
    stm8l15x_exti.o            287
    stm8l15x_gpio.o            193
    stm8l15x_it.o               82
    stm8l15x_tim2.o             87
    ------------------------------------------------
    Total:                   1 064                 3

command line: [2]
    ------------------------------------------------
    Total:

dbgstm8smd.a: [3]
    __dbg_break.o                1
    __dbg_xxexit.o              20
    ------------------------------------------------
    Total:                      21

dlstm8smn.a: [4]
    cexit.o                      5
    cstartup.o                  19
    exit.o                       3
    init.o                      23
    init_small.o                30
    interrupt.o                  3      128
    low_level_init.o             3
    short.o                      8
    unhandled_exception.o        3
    vreg_util.o                112
    vregs.o                                       12
    ------------------------------------------------
    Total:                     209      128       12

    Linker created                        8      256
----------------------------------------------------
    Grand Total:             1 294      136      271


*******************************************************************************
*** ENTRY LIST
***

Entry                    Address   Size  Type      Object
-----                    -------   ----  ----      ------
.iar.init_table$$Base   0x00846f          --   Gb  - Linker created -
.iar.init_table$$Limit  0x008477          --   Gb  - Linker created -
?b0                     0x000000         Data  Gb  vregs.o [4]
?b1                     0x000001         Data  Gb  vregs.o [4]
?b10                    0x00000a         Data  Gb  vregs.o [4]
?b11                    0x00000b         Data  Gb  vregs.o [4]
?b2                     0x000002         Data  Gb  vregs.o [4]
?b3                     0x000003         Data  Gb  vregs.o [4]
?b4                     0x000004         Data  Gb  vregs.o [4]
?b5                     0x000005         Data  Gb  vregs.o [4]
?b6                     0x000006         Data  Gb  vregs.o [4]
?b7                     0x000007         Data  Gb  vregs.o [4]
?b8                     0x000008         Data  Gb  vregs.o [4]
?b9                     0x000009         Data  Gb  vregs.o [4]
?e0                     0x000001         Data  Gb  vregs.o [4]
?e1                     0x000005         Data  Gb  vregs.o [4]
?e2                     0x000009         Data  Gb  vregs.o [4]
?epilogue_w4            0x008420         Code  Gb  vreg_util.o [4]
?l0                     0x000000         Data  Gb  vregs.o [4]
?l1                     0x000004         Data  Gb  vregs.o [4]
?l2                     0x000008         Data  Gb  vregs.o [4]
?pop_l0                 0x008402         Code  Gb  vreg_util.o [4]
?pop_l1                 0x00840d         Code  Gb  vreg_util.o [4]
?pop_w4                 0x0083cc         Code  Gb  vreg_util.o [4]
?push_l0                0x0083db         Code  Gb  vreg_util.o [4]
?push_l1                0x0083e0         Code  Gb  vreg_util.o [4]
?push_w4                0x0083b4         Code  Gb  vreg_util.o [4]
?sll16_x_x_a            0x00855c         Code  Gb  short.o [4]
?w0                     0x000000         Data  Gb  vregs.o [4]
?w1                     0x000002         Data  Gb  vregs.o [4]
?w2                     0x000004         Data  Gb  vregs.o [4]
?w3                     0x000006         Data  Gb  vregs.o [4]
?w4                     0x000008         Data  Gb  vregs.o [4]
?w5                     0x00000a         Data  Gb  vregs.o [4]
ADC1_COMP_IRQHandler    0x00858a    0x1  Code  Gb  stm8l15x_it.o [1]
CLK_PeripheralClockConfig
                        0x008326   0x8e  Code  Gb  stm8l15x_clk.o [1]
CLK_SYSCLKDivConfig     0x008569    0x4  Code  Gb  stm8l15x_clk.o [1]
CSTACK$$Base            0x000500          --   Gb  - Linker created -
CSTACK$$Limit           0x000600          --   Gb  - Linker created -
DMA1_CHANNEL0_1_IRQHandler
                        0x00857b    0x1  Code  Gb  stm8l15x_it.o [1]
DMA1_CHANNEL2_3_IRQHandler
                        0x00857c    0x1  Code  Gb  stm8l15x_it.o [1]
EXTI0_IRQHandler        0x008581    0x1  Code  Gb  stm8l15x_it.o [1]
EXTI1_IRQHandler        0x008582    0x1  Code  Gb  stm8l15x_it.o [1]
EXTI2_IRQHandler        0x008583    0x1  Code  Gb  stm8l15x_it.o [1]
EXTI3_IRQHandler        0x008584    0x1  Code  Gb  stm8l15x_it.o [1]
EXTI4_IRQHandler        0x008585    0x1  Code  Gb  stm8l15x_it.o [1]
EXTI5_IRQHandler        0x008586    0x1  Code  Gb  stm8l15x_it.o [1]
EXTI6_IRQHandler        0x008587    0x1  Code  Gb  stm8l15x_it.o [1]
EXTI7_IRQHandler        0x0084ce   0x17  Code  Gb  stm8l15x_it.o [1]
EXTIB_G_IRQHandler      0x00857f    0x1  Code  Gb  stm8l15x_it.o [1]
EXTID_H_IRQHandler      0x008580    0x1  Code  Gb  stm8l15x_it.o [1]
EXTIE_F_PVD_IRQHandler  0x00857e    0x1  Code  Gb  stm8l15x_it.o [1]
EXTI_SetPinSensitivity  0x008080  0x11f  Code  Gb  stm8l15x_exti.o [1]
FLASH_IRQHandler        0x00857a    0x1  Code  Gb  stm8l15x_it.o [1]
GPIO_Init               0x008277   0xaf  Code  Gb  stm8l15x_gpio.o [1]
GPIO_WriteBit           0x008523   0x12  Code  Gb  stm8l15x_gpio.o [1]
I2C1_SPI2_IRQHandler    0x008594    0x1  Code  Gb  stm8l15x_it.o [1]
INTVEC$$Base            0x008000          --   Gb  - Linker created -
INTVEC$$Limit           0x008080          --   Gb  - Linker created -
LCD_AES_IRQHandler      0x008588    0x1  Code  Gb  stm8l15x_it.o [1]
RTC_CSSLSE_IRQHandler   0x00857d    0x1  Code  Gb  stm8l15x_it.o [1]
Region$$Table$$Base     0x00846f          --   Gb  - Linker created -
Region$$Table$$Limit    0x008477          --   Gb  - Linker created -
SPI1_IRQHandler         0x008591    0x1  Code  Gb  stm8l15x_it.o [1]
SWITCH_CSS_BREAK_DAC_IRQHandler
                        0x008589    0x1  Code  Gb  stm8l15x_it.o [1]
TIM1_CC_IRQHandler      0x00858f    0x1  Code  Gb  stm8l15x_it.o [1]
TIM1_UPD_OVF_TRG_COM_IRQHandler
                        0x00858e    0x1  Code  Gb  stm8l15x_it.o [1]
TIM2_CC_USART2_RX_IRQHandler
                        0x00858b    0x1  Code  Gb  stm8l15x_it.o [1]
TIM2_ClearFlag          0x008551    0xb  Code  Gb  stm8l15x_tim2.o [1]
TIM2_Cmd                0x008543    0xe  Code  Gb  stm8l15x_tim2.o [1]
TIM2_Config             0x008424   0x27  Code  Lc  main.o [1]
TIM2_ITConfig           0x0084b4   0x1a  Code  Gb  stm8l15x_tim2.o [1]
TIM2_TimeBaseInit       0x00844b   0x24  Code  Gb  stm8l15x_tim2.o [1]
TIM2_UPD_OVF_TRG_BRK_USART2_TX_IRQHandler
                        0x008477   0x1f  Code  Gb  stm8l15x_it.o [1]
TIM3_CC_USART3_RX_IRQHandler
                        0x00858d    0x1  Code  Gb  stm8l15x_it.o [1]
TIM3_UPD_OVF_TRG_BRK_USART3_TX_IRQHandler
                        0x00858c    0x1  Code  Gb  stm8l15x_it.o [1]
TIM4_UPD_OVF_TRG_IRQHandler
                        0x008590    0x1  Code  Gb  stm8l15x_it.o [1]
TRAP_IRQHandler         0x008579    0x1  Code  Gb  stm8l15x_it.o [1]
USART1_RX_TIM5_CC_IRQHandler
                        0x008593    0x1  Code  Gb  stm8l15x_it.o [1]
USART1_TX_TIM5_UPD_OVF_TRG_BRK_IRQHandler
                        0x008592    0x1  Code  Gb  stm8l15x_it.o [1]
__DebugBreak            0x008595    0x1  Code  Gb  __dbg_break.o [3]
__exit                  0x0084fc   0x14  Code  Gb  __dbg_xxexit.o [3]
__iar_data_init2        0x0084e5   0x17  Code  Gb  init.o [4]
__iar_program_start     0x008510         Code  Gb  cstartup.o [4]
__iar_unhandled_exception
                        0x008576         Code  Gb  unhandled_exception.o [4]
__iar_zero_init2        0x008496         Code  Gb  init_small.o [4]
__intvec                0x008000         Data  Gb  interrupt.o [4]
__low_level_init        0x008570    0x3  Code  Gb  low_level_init.o [4]
_exit                   0x008564         Code  Gb  cexit.o [4]
_interrupt_1            0x008579         Code  Gb  stm8l15x_it.o [1]
_interrupt_10           0x008581         Code  Gb  stm8l15x_it.o [1]
_interrupt_11           0x008582         Code  Gb  stm8l15x_it.o [1]
_interrupt_12           0x008583         Code  Gb  stm8l15x_it.o [1]
_interrupt_13           0x008584         Code  Gb  stm8l15x_it.o [1]
_interrupt_14           0x008585         Code  Gb  stm8l15x_it.o [1]
_interrupt_15           0x008586         Code  Gb  stm8l15x_it.o [1]
_interrupt_16           0x008587         Code  Gb  stm8l15x_it.o [1]
_interrupt_17           0x0084ce         Code  Gb  stm8l15x_it.o [1]
_interrupt_18           0x008588         Code  Gb  stm8l15x_it.o [1]
_interrupt_19           0x008589         Code  Gb  stm8l15x_it.o [1]
_interrupt_20           0x00858a         Code  Gb  stm8l15x_it.o [1]
_interrupt_21           0x008477         Code  Gb  stm8l15x_it.o [1]
_interrupt_22           0x00858b         Code  Gb  stm8l15x_it.o [1]
_interrupt_23           0x00858c         Code  Gb  stm8l15x_it.o [1]
_interrupt_24           0x00858d         Code  Gb  stm8l15x_it.o [1]
_interrupt_25           0x00858e         Code  Gb  stm8l15x_it.o [1]
_interrupt_26           0x00858f         Code  Gb  stm8l15x_it.o [1]
_interrupt_27           0x008590         Code  Gb  stm8l15x_it.o [1]
_interrupt_28           0x008591         Code  Gb  stm8l15x_it.o [1]
_interrupt_29           0x008592         Code  Gb  stm8l15x_it.o [1]
_interrupt_3            0x00857a         Code  Gb  stm8l15x_it.o [1]
_interrupt_30           0x008593         Code  Gb  stm8l15x_it.o [1]
_interrupt_31           0x008594         Code  Gb  stm8l15x_it.o [1]
_interrupt_4            0x00857b         Code  Gb  stm8l15x_it.o [1]
_interrupt_5            0x00857c         Code  Gb  stm8l15x_it.o [1]
_interrupt_6            0x00857d         Code  Gb  stm8l15x_it.o [1]
_interrupt_7            0x00857e         Code  Gb  stm8l15x_it.o [1]
_interrupt_8            0x00857f         Code  Gb  stm8l15x_it.o [1]
_interrupt_9            0x008580         Code  Gb  stm8l15x_it.o [1]
delay                   0x008535    0xe  Code  Gb  main.o [1]
exit                    0x008573    0x3  Code  Gb  exit.o [4]
main                    0x00819f   0xd8  Code  Gb  main.o [1]
u16_cnt_ms              0x00000c    0x2  Data  Gb  main.o [1]
u8_UserSW               0x00000e    0x1  Data  Gb  main.o [1]


[1] = C:\Users\asus\Documents\Fucking Projects\STM8\STM8-SO8-DISCO\STM8L001_pisca_led_timer\EWSTM8\Debug\Obj
[2] = command line
[3] = dbgstm8smd.a
[4] = dlstm8smn.a

  1 294 bytes of readonly  code memory
    136 bytes of readonly  data memory
    271 bytes of readwrite data memory

Errors: none
Warnings: none
